// Jest Snapshot v1, https://goo.gl/fbAQLP

exports[`inputformcomponent matches snapshot 1`] = `
<div
  data-testid="input_form"
>
  <div
    className="bg-white w-full my-4 flex flex-row  ring-1 ring-gray-100 p-1  rounded-md "
    style={
      Object {
        "width": "18rem",
      }
    }
  >
    <svg
      className="h-5 m-1 text-gray-500"
      fill="currentColor"
      viewBox="0 0 20 20"
      xmlns="http://www.w3.org/2000/svg"
    >
      <path
        d="M2.003 5.884L10 9.882l7.997-3.998A2 2 0 0016 4H4a2 2 0 00-1.997 1.884z"
      />
      <path
        d="M18 8.118l-8 4-8-4V14a2 2 0 002 2h12a2 2 0 002-2V8.118z"
      />
    </svg>
    <input
      className="w-full focus:outline-none text-gray-700 rounded-md p-1"
      onChange={[Function]}
      placeholder="john doe"
      type="text"
      value="Joram Bramuel"
    />
  </div>
  <div
    className="h-2 flex justify-start"
  />
</div>
`;
